[    0.000000] Linux version 4.15.0-96-generic (buildd@lgw01-amd64-004) (gcc version 7.5.0 (Ubuntu 7.5.0-3ubuntu1~18.04)) #97-Ubuntu SMP Wed Apr 1 03:25:46 UTC 2020 (Ubuntu 4.15.0-96.97-generic 4.15.18)
[    0.000000] Command line: BOOT_IMAGE=/boot/vmlinuz-4.15.0-96-generic root=UUID=0679f1c9-b481-498c-ad60-511bcc87703f ro console=tty1 console=ttyS0
[    0.000000] KERNEL supported cpus:
[    0.000000]   Intel GenuineIntel
[    0.000000]   AMD AuthenticAMD
[    0.000000]   Centaur CentaurHauls
[    0.000000] x86/fpu: Supporting XSAVE feature 0x001: 'x87 floating point registers'
[    0.000000] x86/fpu: Supporting XSAVE feature 0x002: 'SSE registers'
[    0.000000] x86/fpu: Supporting XSAVE feature 0x004: 'AVX registers'
[    0.000000] x86/fpu: xstate_offset[2]:  576, xstate_sizes[2]:  256
[    0.000000] x86/fpu: Enabled xstate features 0x7, context size is 832 bytes, using 'standard' format.
[    0.000000] e820: BIOS-provided physical RAM map:
[    0.000000] BIOS-e820: [mem 0x0000000000000000-0x000000000009fbff] usable
[    0.000000] BIOS-e820: [mem 0x000000000009fc00-0x000000000009ffff] reserved
[    0.000000] BIOS-e820: [mem 0x00000000000f0000-0x00000000000fffff] reserved
[    0.000000] BIOS-e820: [mem 0x0000000000100000-0x000000007ffeffff] usable
[    0.000000] BIOS-e820: [mem 0x000000007fff0000-0x000000007fffffff] ACPI data
[    0.000000] BIOS-e820: [mem 0x00000000fec00000-0x00000000fec00fff] reserved
[    0.000000] BIOS-e820: [mem 0x00000000fee00000-0x00000000fee00fff] reserved
[    0.000000] BIOS-e820: [mem 0x00000000fffc0000-0x00000000ffffffff] reserved
[    0.000000] NX (Execute Disable) protection: active
[    0.000000] SMBIOS 2.5 present.
[    0.000000] DMI: innotek GmbH VirtualBox/VirtualBox, BIOS VirtualBox 12/01/2006
[    0.000000] Hypervisor detected: KVM
[    0.000000] e820: last_pfn = 0x7fff0 max_arch_pfn = 0x400000000
[    0.000000] MTRR: Disabled
[    0.000000] x86/PAT: MTRRs disabled, skipping PAT initialization too.
[    0.000000] CPU MTRRs all blank - virtualized system.
[    0.000000] x86/PAT: Configuration [0-7]: WB  WT  UC- UC  WB  WT  UC- UC  
[    0.000000] found SMP MP-table at [mem 0x0009fff0-0x0009ffff]
[    0.000000] Scanning 1 areas for low memory corruption
[    0.000000] RAMDISK: [mem 0x35961000-0x36ca7fff]
[    0.000000] ACPI: Early table checksum verification disabled
[    0.000000] ACPI: RSDP 0x00000000000E0000 000024 (v02 VBOX  )
[    0.000000] ACPI: XSDT 0x000000007FFF0030 00003C (v01 VBOX   VBOXXSDT 00000001 ASL  00000061)
[    0.000000] ACPI: FACP 0x000000007FFF00F0 0000F4 (v04 VBOX   VBOXFACP 00000001 ASL  00000061)
[    0.000000] ACPI: DSDT 0x000000007FFF0470 0022EA (v02 VBOX   VBOXBIOS 00000002 INTL 20100528)
[    0.000000] ACPI: FACS 0x000000007FFF0200 000040
[    0.000000] ACPI: FACS 0x000000007FFF0200 000040
[    0.000000] ACPI: APIC 0x000000007FFF0240 00005C (v02 VBOX   VBOXAPIC 00000001 ASL  00000061)
[    0.000000] ACPI: SSDT 0x000000007FFF02A0 0001CC (v01 VBOX   VBOXCPUT 00000002 INTL 20100528)
[    0.000000] No NUMA configuration found
[    0.000000] Faking a node at [mem 0x0000000000000000-0x000000007ffeffff]
[    0.000000] NODE_DATA(0) allocated [mem 0x7ffc5000-0x7ffeffff]
[    0.000000] kvm-clock: cpu 0, msr 0:7ff44001, primary cpu clock
[    0.000000] kvm-clock: Using msrs 4b564d01 and 4b564d00
[    0.000000] kvm-clock: using sched offset of 4540723436 cycles
[    0.000000] clocksource: kvm-clock: mask: 0xffffffffffffffff max_cycles: 0x1cd42e4dffb, max_idle_ns: 881590591483 ns
[    0.000000] Zone ranges:
[    0.000000]   DMA      [mem 0x0000000000001000-0x0000000000ffffff]
[    0.000000]   DMA32    [mem 0x0000000001000000-0x000000007ffeffff]
[    0.000000]   Normal   empty
[    0.000000]   Device   empty
[    0.000000] Movable zone start for each node
[    0.000000] Early memory node ranges
[    0.000000]   node   0: [mem 0x0000000000001000-0x000000000009efff]
[    0.000000]   node   0: [mem 0x0000000000100000-0x000000007ffeffff]
[    0.000000] Reserved but unavailable: 98 pages
[    0.000000] Initmem setup node 0 [mem 0x0000000000001000-0x000000007ffeffff]
[    0.000000] ACPI: PM-Timer IO Port: 0x4008
[    0.000000] IOAPIC[0]: apic_id 2, version 32, address 0xfec00000, GSI 0-23
[    0.000000] ACPI: INT_SRC_OVR (bus 0 bus_irq 0 global_irq 2 dfl dfl)
[    0.000000] ACPI: INT_SRC_OVR (bus 0 bus_irq 9 global_irq 9 low level)
[    0.000000] Using ACPI (MADT) for SMP configuration information
[    0.000000] smpboot: Allowing 2 CPUs, 0 hotplug CPUs
[    0.000000] PM: Registered nosave memory: [mem 0x00000000-0x00000fff]
[    0.000000] PM: Registered nosave memory: [mem 0x0009f000-0x0009ffff]
[    0.000000] PM: Registered nosave memory: [mem 0x000a0000-0x000effff]
[    0.000000] PM: Registered nosave memory: [mem 0x000f0000-0x000fffff]
[    0.000000] e820: [mem 0x80000000-0xfebfffff] available for PCI devices
[    0.000000] Booting paravirtualized kernel on KVM
[    0.000000] clocksource: refined-jiffies: mask: 0xffffffff max_cycles: 0xffffffff, max_idle_ns: 7645519600211568 ns
[    0.000000] random: get_random_bytes called from start_kernel+0x99/0x4fd with crng_init=0
[    0.000000] setup_percpu: NR_CPUS:8192 nr_cpumask_bits:2 nr_cpu_ids:2 nr_node_ids:1
[    0.000000] percpu: Embedded 45 pages/cpu s147456 r8192 d28672 u1048576
[    0.000000] PV qspinlock hash table entries: 256 (order: 0, 4096 bytes)
[    0.000000] Built 1 zonelists, mobility grouping on.  Total pages: 515961
[    0.000000] Policy zone: DMA32
[    0.000000] Kernel command line: BOOT_IMAGE=/boot/vmlinuz-4.15.0-96-generic root=UUID=0679f1c9-b481-498c-ad60-511bcc87703f ro console=tty1 console=ttyS0
[    0.000000] Memory: 2014720K/2096696K available (12300K kernel code, 2481K rwdata, 4264K rodata, 2432K init, 2712K bss, 81976K reserved, 0K cma-reserved)
[    0.000000] SLUB: HWalign=64, Order=0-3, MinObjects=0, CPUs=2, Nodes=1
[    0.000000] Kernel/User page tables isolation: enabled
[    0.000000] ftrace: allocating 39351 entries in 154 pages
[    0.004000] Hierarchical RCU implementation.
[    0.004000] 	RCU restricting CPUs from NR_CPUS=8192 to nr_cpu_ids=2.
[    0.004000] 	Tasks RCU enabled.
[    0.004000] RCU: Adjusting geometry for rcu_fanout_leaf=16, nr_cpu_ids=2
[    0.004000] NR_IRQS: 524544, nr_irqs: 440, preallocated irqs: 16
[    0.004000] Console: colour VGA+ 80x25
[    0.004000] console [tty1] enabled
[    0.004000] console [ttyS0] enabled
[    0.004000] ACPI: Core revision 20170831
[    0.004000] ACPI: 2 ACPI AML tables successfully acquired and loaded
[    0.004000] APIC: Switch to symmetric I/O mode setup
[    0.004000] x2apic enabled
[    0.004000] Switched APIC routing to physical x2apic.
[    0.004000] ..TIMER: vector=0x30 apic1=0 pin1=2 apic2=-1 pin2=-1
[    0.004004] tsc: Detected 1992.000 MHz processor
[    0.004858] Calibrating delay loop (skipped) preset value.. 3984.00 BogoMIPS (lpj=7968000)
[    0.005458] pid_max: default: 32768 minimum: 301
[    0.008046] Security Framework initialized
[    0.008933] Yama: becoming mindful.
[    0.009626] AppArmor: AppArmor initialized
[    0.012000] Dentry cache hash table entries: 262144 (order: 9, 2097152 bytes)
[    0.014714] Inode-cache hash table entries: 131072 (order: 8, 1048576 bytes)
[    0.016016] Mount-cache hash table entries: 4096 (order: 3, 32768 bytes)
[    0.020005] Mountpoint-cache hash table entries: 4096 (order: 3, 32768 bytes)
[    0.021485] Last level iTLB entries: 4KB 64, 2MB 8, 4MB 8
[    0.022445] Last level dTLB entries: 4KB 64, 2MB 0, 4MB 0, 1GB 4
[    0.023455] Spectre V1 : Mitigation: usercopy/swapgs barriers and __user pointer sanitization
[    0.024006] Spectre V2 : Mitigation: Full generic retpoline
[    0.025159] Spectre V2 : Spectre v2 / SpectreRSB mitigation: Filling RSB on context switch
[    0.028003] Speculative Store Bypass: Vulnerable
[    0.028886] MDS: Vulnerable: Clear CPU buffers attempted, no microcode
[    0.030184] Freeing SMP alternatives memory: 36K
[    0.141039] smpboot: CPU0: Intel(R) Core(TM) i7-8550U CPU @ 1.80GHz (family: 0x6, model: 0x8e, stepping: 0xa)
[    0.142871] Performance Events: unsupported p6 CPU model 142 no PMU driver, software events only.
[    0.144000] Hierarchical SRCU implementation.
[    0.144465] NMI watchdog: Perf event create on CPU 0 failed with -2
[    0.145507] NMI watchdog: Perf NMI watchdog permanently disabled
[    0.146517] smp: Bringing up secondary CPUs ...
[    0.148057] x86: Booting SMP configuration:
[    0.148770] .... node  #0, CPUs:      #1
[    0.004000] kvm-clock: cpu 1, msr 0:7ff44041, secondary cpu clock
[    0.152016] smp: Brought up 1 node, 2 CPUs
[    0.152664] smpboot: Max logical packages: 1
[    0.153354] smpboot: Total of 2 processors activated (7968.00 BogoMIPS)
[    0.154510] devtmpfs: initialized
[    0.154510] x86/mm: Memory block size: 128MB
[    0.156295] evm: security.selinux
[    0.156961] evm: security.SMACK64
[    0.157680] evm: security.SMACK64EXEC
[    0.158571] evm: security.SMACK64TRANSMUTE
[    0.160005] evm: security.SMACK64MMAP
[    0.160633] evm: security.apparmor
[    0.161229] evm: security.ima
[    0.161818] evm: security.capability
[    0.162531] clocksource: jiffies: mask: 0xffffffff max_cycles: 0xffffffff, max_idle_ns: 7645041785100000 ns
[    0.164008] futex hash table entries: 512 (order: 3, 32768 bytes)
[    0.165014] pinctrl core: initialized pinctrl subsystem
[    0.165982] RTC time: 18:05:53, date: 04/10/20
[    0.168064] NET: Registered protocol family 16
[    0.168879] audit: initializing netlink subsys (disabled)
[    0.169850] audit: type=2000 audit(1586541960.316:1): state=initialized audit_enabled=0 res=1
[    0.172008] cpuidle: using governor ladder
[    0.172771] cpuidle: using governor menu
[    0.173568] ACPI: bus type PCI registered
[    0.174432] acpiphp: ACPI Hot Plug PCI Controller Driver version: 0.5
[    0.175615] PCI: Using configuration type 1 for base access
[    0.180060] HugeTLB registered 2.00 MiB page size, pre-allocated 0 pages
[    0.181937] ACPI: Added _OSI(Module Device)
[    0.181937] ACPI: Added _OSI(Processor Device)
[    0.184003] ACPI: Added _OSI(3.0 _SCP Extensions)
[    0.184909] ACPI: Added _OSI(Processor Aggregator Device)
[    0.185832] ACPI: Added _OSI(Linux-Dell-Video)
[    0.186622] ACPI: Added _OSI(Linux-Lenovo-NV-HDMI-Audio)
[    0.188008] ACPI: Added _OSI(Linux-HPI-Hybrid-Graphics)
[    0.189199] ACPI: Executed 1 blocks of module-level executable AML code
[    0.193583] ACPI: Interpreter enabled
[    0.194371] ACPI: (supports S0 S5)
[    0.196002] ACPI: Using IOAPIC for interrupt routing
[    0.197134] PCI: Using host bridge windows from ACPI; if necessary, use "pci=nocrs" and report a bug
[    0.198825] ACPI: Enabled 2 GPEs in block 00 to 07
[    0.205744] ACPI: PCI Root Bridge [PCI0] (domain 0000 [bus 00-ff])
[    0.206826] acpi PNP0A03:00: _OSC: OS supports [ASPM ClockPM Segments MSI]
[    0.208498] acpi PNP0A03:00: _OSC: not requesting OS control; OS requires [ExtendedConfig ASPM ClockPM MSI]
[    0.210043] acpi PNP0A03:00: fail to add MMCONFIG information, can't access extended PCI configuration space under this bridge.
[    0.212340] PCI host bridge to bus 0000:00
[    0.213065] pci_bus 0000:00: root bus resource [io  0x0000-0x0cf7 window]
[    0.214437] pci_bus 0000:00: root bus resource [io  0x0d00-0xffff window]
[    0.215488] pci_bus 0000:00: root bus resource [mem 0x000a0000-0x000bffff window]
[    0.216004] pci_bus 0000:00: root bus resource [mem 0x80000000-0xfdffffff window]
[    0.217238] pci_bus 0000:00: root bus resource [bus 00-ff]
[    0.221290] pci 0000:00:01.1: legacy IDE quirk: reg 0x10: [io  0x01f0-0x01f7]
[    0.222407] pci 0000:00:01.1: legacy IDE quirk: reg 0x14: [io  0x03f6]
[    0.223487] pci 0000:00:01.1: legacy IDE quirk: reg 0x18: [io  0x0170-0x0177]
[    0.224004] pci 0000:00:01.1: legacy IDE quirk: reg 0x1c: [io  0x0376]
[    0.248053] pci 0000:00:07.0: quirk: [io  0x4000-0x403f] claimed by PIIX4 ACPI
[    0.249465] pci 0000:00:07.0: quirk: [io  0x4100-0x410f] claimed by PIIX4 SMB
[    0.265851] ACPI: PCI Interrupt Link [LNKA] (IRQs 5 9 10 *11)
[    0.267139] ACPI: PCI Interrupt Link [LNKB] (IRQs 5 9 *10 11)
[    0.268113] ACPI: PCI Interrupt Link [LNKC] (IRQs 5 *9 10 11)
[    0.269569] ACPI: PCI Interrupt Link [LNKD] (IRQs 5 9 10 *11)
[    0.270912] SCSI subsystem initialized
[    0.272026] pci 0000:00:02.0: vgaarb: setting as boot VGA device
[    0.273083] pci 0000:00:02.0: vgaarb: VGA device added: decodes=io+mem,owns=io+mem,locks=none
[    0.274842] pci 0000:00:02.0: vgaarb: bridge control possible
[    0.275830] vgaarb: loaded
[    0.276027] ACPI: bus type USB registered
[    0.276777] usbcore: registered new interface driver usbfs
[    0.277701] usbcore: registered new interface driver hub
[    0.278601] usbcore: registered new device driver usb
[    0.280020] EDAC MC: Ver: 3.0.0
[    0.280823] PCI: Using ACPI for IRQ routing
[    0.281082] NetLabel: Initializing
[    0.281721] NetLabel:  domain hash size = 128
[    0.282439] NetLabel:  protocols = UNLABELED CIPSOv4 CALIPSO
[    0.284016] NetLabel:  unlabeled traffic allowed by default
[    0.284952] clocksource: Switched to clocksource kvm-clock
[    0.301723] VFS: Disk quotas dquot_6.6.0
[    0.302671] VFS: Dquot-cache hash table entries: 512 (order 0, 4096 bytes)
[    0.303962] AppArmor: AppArmor Filesystem Enabled
[    0.304828] pnp: PnP ACPI init
[    0.306582] pnp: PnP ACPI: found 3 devices
[    0.316857] clocksource: acpi_pm: mask: 0xffffff max_cycles: 0xffffff, max_idle_ns: 2085701024 ns
[    0.318398] NET: Registered protocol family 2
[    0.319287] TCP established hash table entries: 16384 (order: 5, 131072 bytes)
[    0.320608] TCP bind hash table entries: 16384 (order: 6, 262144 bytes)
[    0.321704] TCP: Hash tables configured (established 16384 bind 16384)
[    0.324576] UDP hash table entries: 1024 (order: 3, 32768 bytes)
[    0.326781] UDP-Lite hash table entries: 1024 (order: 3, 32768 bytes)
[    0.328047] NET: Registered protocol family 1
[    0.328969] pci 0000:00:00.0: Limiting direct PCI/PCI transfers
[    0.329991] pci 0000:00:01.0: Activating ISA DMA hang workarounds
[    0.331040] pci 0000:00:02.0: Video device with shadowed ROM at [mem 0x000c0000-0x000dffff]
[    0.332525] Unpacking initramfs...
[    0.624255] Freeing initrd memory: 19740K
[    0.625195] clocksource: tsc: mask: 0xffffffffffffffff max_cycles: 0x396d519840e, max_idle_ns: 881590569543 ns
[    0.626878] platform rtc_cmos: registered platform RTC device (no PNP device found)
[    0.628214] Scanning for low memory corruption every 60 seconds
[    0.629874] Initialise system trusted keyrings
[    0.630679] Key type blacklist registered
[    0.631504] workingset: timestamp_bits=36 max_order=19 bucket_order=0
[    0.633701] zbud: loaded
[    0.634730] squashfs: version 4.0 (2009/01/31) Phillip Lougher
[    0.635912] fuse init (API version 7.26)
[    0.639589] Key type asymmetric registered
[    0.640385] Asymmetric key parser 'x509' registered
[    0.641235] Block layer SCSI generic (bsg) driver version 0.4 loaded (major 246)
[    0.642680] io scheduler noop registered
[    0.643577] io scheduler deadline registered
[    0.644566] io scheduler cfq registered (default)
[    0.645951] ACPI: AC Adapter [AC] (on-line)
[    0.646782] input: Power Button as /devices/LNXSYSTM:00/LNXPWRBN:00/input/input0
[    0.648196] ACPI: Power Button [PWRF]
[    0.648931] input: Sleep Button as /devices/LNXSYSTM:00/LNXSLPBN:00/input/input1
[    0.650258] ACPI: Sleep Button [SLPF]
[    0.651915] ACPI: Battery Slot [BAT0] (battery present)
[    0.653135] Serial: 8250/16550 driver, 32 ports, IRQ sharing enabled
[    0.675898] 00:02: ttyS0 at I/O 0x3f8 (irq = 4, base_baud = 115200) is a 16550A
[    0.680690] Linux agpgart interface v0.103
[    0.682849] loop: module loaded
[    0.683993] scsi host0: ata_piix
[    0.684750] scsi host1: ata_piix
[    0.685399] ata1: PATA max UDMA/33 cmd 0x1f0 ctl 0x3f6 bmdma 0xd000 irq 14
[    0.686506] ata2: PATA max UDMA/33 cmd 0x170 ctl 0x376 bmdma 0xd008 irq 15
[    0.687727] libphy: Fixed MDIO Bus: probed
[    0.688522] tun: Universal TUN/TAP device driver, 1.6
[    0.689580] PPP generic driver version 2.4.2
[    0.690553] ehci_hcd: USB 2.0 'Enhanced' Host Controller (EHCI) Driver
[    0.691658] ehci-pci: EHCI PCI platform driver
[    0.692510] ehci-platform: EHCI generic platform driver
[    0.693422] ohci_hcd: USB 1.1 'Open' Host Controller (OHCI) Driver
[    0.694479] ohci-pci: OHCI PCI platform driver
[    0.695227] ohci-platform: OHCI generic platform driver
[    0.696083] uhci_hcd: USB Universal Host Controller Interface driver
[    0.697246] i8042: PNP: PS/2 Controller [PNP0303:PS2K,PNP0f03:PS2M] at 0x60,0x64 irq 1,12
[    0.699226] serio: i8042 KBD port at 0x60,0x64 irq 1
[    0.700072] serio: i8042 AUX port at 0x60,0x64 irq 12
[    0.701164] mousedev: PS/2 mouse device common for all mice
[    0.712212] input: AT Translated Set 2 keyboard as /devices/platform/i8042/serio0/input/input2
[    0.712267] rtc_cmos rtc_cmos: rtc core: registered rtc_cmos as rtc0
[    0.721256] rtc_cmos rtc_cmos: alarms up to one day, 114 bytes nvram
[    0.723851] i2c /dev entries driver
[    0.725418] device-mapper: uevent: version 1.0.3
[    0.727179] device-mapper: ioctl: 4.37.0-ioctl (2017-09-20) initialised: dm-devel@redhat.com
[    0.729857] ledtrig-cpu: registered to indicate activity on CPUs
[    0.732310] NET: Registered protocol family 10
[    0.737941] Segment Routing with IPv6
[    0.738891] NET: Registered protocol family 17
[    0.740260] Key type dns_resolver registered
[    0.741460] mce: Using 0 MCE banks
[    0.742265] RAS: Correctable Errors collector initialized.
[    0.743320] sched_clock: Marking stable (741434469, 0)->(949660268, -208225799)
[    0.745418] registered taskstats version 1
[    0.746208] Loading compiled-in X.509 certificates
[    0.749091] Loaded X.509 cert 'Build time autogenerated kernel key: 244b473b43e18b01f00e37a87f2ecd28620f0244'
[    0.750801] zswap: loaded using pool lzo/zbud
[    0.754835] Key type big_key registered
[    0.755720] Key type trusted registered
[    0.758134] Key type encrypted registered
[    0.758882] AppArmor: AppArmor sha1 policy hashing enabled
[    0.759840] ima: No TPM chip found, activating TPM-bypass! (rc=-19)
[    0.761073] ima: Allocated hash algorithm: sha1
[    0.761897] evm: HMAC attrs: 0x1
[    0.762825]   Magic number: 0:162:89
[    0.763592] rtc_cmos rtc_cmos: setting system clock to 2020-04-10 18:05:54 UTC (1586541954)
[    0.765236] BIOS EDD facility v0.16 2004-Jun-25, 0 devices found
[    0.766221] EDD information not available.
[    0.855533] Freeing unused kernel image memory: 2432K
[    0.868190] Write protecting the kernel read-only data: 20480k
[    0.869718] Freeing unused kernel image memory: 2008K
[    0.870882] Freeing unused kernel image memory: 1880K
[    0.879134] x86/mm: Checked W+X mappings: passed, no W+X pages found.
[    0.880310] x86/mm: Checking user space page tables
[    0.888342] x86/mm: Checked W+X mappings: passed, no W+X pages found.
Loading, please wait...
starting version 237
[    0.951229] Fusion MPT base driver 3.04.20
[    0.952034] Copyright (c) 1999-2008 LSI Corporation
[    0.957905] Fusion MPT SPI Host driver 3.04.20
[    0.959995] e1000: Intel(R) PRO/1000 Network Driver - version 7.3.21-k8-NAPI
[    0.961290] e1000: Copyright (c) 1999-2006 Intel Corporation.
[    0.963274] mptbase: ioc0: Initiating bringup
[    0.986368] AVX2 version of gcm_enc/dec engaged.
[    0.987199] AES CTR mode by8 optimization enabled
[    1.057323] ioc0: LSI53C1030 A0: Capabilities={Initiator}
[    1.192518] input: ImExPS/2 Generic Explorer Mouse as /devices/platform/i8042/serio1/input/input4
[    1.318108] scsi host2: ioc0: LSI53C1030 A0, FwRev=00000000h, Ports=1, MaxQ=256, IRQ=20
[    1.511102] scsi 2:0:0:0: Direct-Access     VBOX     HARDDISK         1.0  PQ: 0 ANSI: 5
[    1.640124] scsi target2:0:0: Beginning Domain Validation
[    1.643295] scsi target2:0:0: Domain Validation skipping write tests
[    1.644400] scsi target2:0:0: Ending Domain Validation
[    1.645426] scsi target2:0:0: asynchronous
[    1.646948] scsi 2:0:1:0: Direct-Access     VBOX     HARDDISK         1.0  PQ: 0 ANSI: 5
[    1.860636] scsi target2:0:1: Beginning Domain Validation
[    1.867103] random: fast init done
[    1.868276] scsi target2:0:1: Domain Validation skipping write tests
[    1.869289] scsi target2:0:1: Ending Domain Validation
[    1.870310] scsi target2:0:1: asynchronous
[    1.876459] random: systemd-udevd: uninitialized urandom read (16 bytes read)
[    1.877658] random: systemd-udevd: uninitialized urandom read (16 bytes read)
[    1.878766] random: systemd-udevd: uninitialized urandom read (16 bytes read)
[    1.880270] sd 2:0:0:0: [sda] 20971520 512-byte logical blocks: (10.7 GB/10.0 GiB)
[    1.881717] sd 2:0:0:0: [sda] Write Protect is off
[    1.882774] sd 2:0:0:0: [sda] Incomplete mode parameter data
[    1.883769] sd 2:0:0:0: [sda] Assuming drive cache: write through
[    1.884864] sd 2:0:0:0: Attached scsi generic sg0 type 0
[    1.887599] sd 2:0:1:0: [sdb] 20480 512-byte logical blocks: (10.5 MB/10.0 MiB)
[    1.889281]  sda: sda1
[    1.889904] sd 2:0:1:0: [sdb] Write Protect is off
[    1.891069] sd 2:0:1:0: [sdb] Incomplete mode parameter data
[    1.892176] sd 2:0:1:0: [sdb] Assuming drive cache: write through
[    1.893982] sd 2:0:1:0: Attached scsi generic sg1 type 0
[    1.894452] e1000 0000:00:03.0 eth0: (PCI:33MHz:32-bit) 02:85:4f:0b:ef:e7
[    1.896422] e1000 0000:00:03.0 eth0: Intel(R) PRO/1000 Network Connection
[    1.898921] sd 2:0:0:0: [sda] Attached SCSI disk
[    1.917207] sd 2:0:1:0: [sdb] Attached SCSI disk
[    2.301852] e1000 0000:00:08.0 eth1: (PCI:33MHz:32-bit) 08:00:27:e9:cc:2a
[    2.304166] e1000 0000:00:08.0 eth1: Intel(R) PRO/1000 Network Connection
[    2.307818] e1000 0000:00:03.0 enp0s3: renamed from eth0
[    2.328238] e1000 0000:00:08.0 enp0s8: renamed from eth1
Begin: Loading essential drivers ... [    3.896271] raid6: sse2x1   gen() 12538 MB/s
[    3.944125] raid6: sse2x1   xor()  9208 MB/s
[    3.992020] raid6: sse2x2   gen() 11615 MB/s
[    4.040737] raid6: sse2x2   xor() 10679 MB/s
[    4.088540] raid6: sse2x4   gen() 16656 MB/s
[    4.136344] raid6: sse2x4   xor() 10868 MB/s
[    4.184211] raid6: avx2x1   gen() 24446 MB/s
[    4.232044] raid6: avx2x1   xor() 18252 MB/s
[    4.280015] raid6: avx2x2   gen() 29275 MB/s
[    4.329607] raid6: avx2x2   xor() 18719 MB/s
[    4.376512] raid6: avx2x4   gen() 34822 MB/s
[    4.424301] raid6: avx2x4   xor() 20707 MB/s
[    4.425121] raid6: using algorithm avx2x4 gen() 34822 MB/s
[    4.426055] raid6: .... xor() 20707 MB/s, rmw enabled
[    4.426910] raid6: using avx2x2 recovery algorithm
[    4.428974] xor: automatically using best checksumming function   avx       
[    4.431098] async_tx: api initialized (async)
done.
Begin: Running /scripts/init-premount ... done.
Begin: Mounting root file system ... Begin: Running /scripts/local-top ... done.
Begin: Running /scripts/local-premount ... [    4.471222] Btrfs loaded, crc32c=crc32c-intel
Scanning for Btrfs filesystems
done.
Warning: fsck not present, so skipping root file system
[    4.501439] EXT4-fs (sda1): INFO: recovery required on readonly filesystem
[    4.502533] EXT4-fs (sda1): write access will be enabled during recovery
[    5.039683] EXT4-fs (sda1): orphan cleanup on readonly fs
[    5.130793] EXT4-fs (sda1): 5 orphan inodes deleted
[    5.131872] EXT4-fs (sda1): recovery complete
[    5.146143] EXT4-fs (sda1): mounted filesystem with ordered data mode. Opts: (null)
done.
Begin: Running /scripts/local-bottom ... done.
Begin: Running /scripts/init-bottom ... done.
[    5.995176] ip_tables: (C) 2000-2006 Netfilter Core Team
[    6.033974] systemd[1]: systemd 237 running in system mode. (+PAM +AUDIT +SELINUX +IMA +APPARMOR +SMACK +SYSVINIT +UTMP +LIBCRYPTSETUP +GCRYPT +GNUTLS +ACL +XZ +LZ4 +SECCOMP +BLKID +ELFUTILS +KMOD -IDN2 +IDN -PCRE2 default-hierarchy=hybrid)
[    6.038075] systemd[1]: Detected virtualization oracle.
[    6.039057] systemd[1]: Detected architecture x86-64.

Welcome to [1mUbuntu 18.04.4 LTS[0m!

[    6.046706] systemd[1]: Set hostname to <ubuntu-bionic>.
[    6.125240] random: crng init done
[    6.126222] random: 7 urandom warning(s) missed due to ratelimiting
[    7.130445] systemd[1]: Created slice User and Session Slice.
[[0;32m  OK  [0m] Created slice User and Session Slice.
[    7.131979] systemd[1]: Reached target Swap.
[[0;32m  OK  [0m] Reached target Swap.
[    7.133244] systemd[1]: Started Forward Password Requests to Wall Directory Watch.
[[0;32m  OK  [0m] Started Forward Password Requests to Wall Directory Watch.
[    7.144550] systemd[1]: Reached target User and Group Name Lookups.
[[0;32m  OK  [0m] Reached target User and Group Name Lookups.
[    7.156392] systemd[1]: Set up automount Arbitrary Executable File Formats File System Automount Point.
[[0;32m  OK  [0m] Set up automount Arbitrary Executabâ€¦rmats File System Automount Point.
[    7.158950] systemd[1]: Reached target System Time Synchronized.
[[0;32m  OK  [0m] Reached target System Time Synchronized.
[[0;32m  OK  [0m] Created slice System Slice.
[[0;32m  OK  [0m] Created slice system-serial\x2dgetty.slice.
[[0;32m  OK  [0m] Listening on udev Kernel Socket.
[[0;32m  OK  [0m] Listening on Syslog Socket.
[[0;32m  OK  [0m] Listening on LVM2 poll daemon socket.
[[0;32m  OK  [0m] Reached target Slices.
[[0;32m  OK  [0m] Listening on LVM2 metadata daemon socket.
[[0;32m  OK  [0m] Listening on /dev/initctl Compatibility Named Pipe.
[[0;32m  OK  [0m] Listening on Network Service Netlink Socket.
[[0;32m  OK  [0m] Listening on Device-mapper event daemon FIFOs.
[[0;32m  OK  [0m] Listening on Journal Socket.
         Starting Set the console keyboard layout...
         Starting Uncomplicated firewall...
         Starting Load Kernel Modules...
         Mounting Kernel Debug File System...
         Mounting POSIX Message Queue File System...
         Starting Remount Root and Kernel File Systems...
         Starting Monitoring of LVM2 mirrorsâ€¦ng dmeventd or progress polling...
[    7.259278] Loading iSCSI transport class v2.0-870.
[[0;32m  OK  [0m] Listening on Journal Audit Socket.
         Starting Create list of required stâ€¦ce nodes for the current kernel...
[[0;32m  OK  [0m] Listening on udev Control Socket.
         Starting udev Coldplug all Devices...
         Mounting Huge Pages File System...
[[0;32m  OK  [0m] Listening on Journal Socket (/dev/log).
         Starting Journal Service...
[[0;32m  OK  [0m] Started Uncomplicated firewall.
[[0;32m  OK  [0m] Mounted Kernel Debug File System.
[[0;32m  OK  [0m] Mounted POSIX Message Queue File System.
[[0;32m  OK  [0m] Mounted Huge Pages File System.
[    7.364056] EXT4-fs (sda1): re-mounted. Opts: (null)
[[0;32m  OK  [0m] Started Remount Root and Kernel File Systems.
[    7.383172] iscsi: registered transport (tcp)
         Starting Load/Save Random Seed...
[[0;32m  OK  [0m] Started Journal Service.
[[0;32m  OK  [0m] Started Create list of required staâ€¦vice nodes for the current kernel.
[[0;32m  OK  [0m] Started udev Coldplug all Devices.
         Starting Create Static Device Nodes in /dev...
         Starting Flush Journal to Persistent Storage...
[[0;32m  OK  [0m] Started Load/Save Random Seed.
[[0;32m  OK  [0m] Started Set the console keyboard layout.
[    7.598484] systemd-journald[420]: Received request to flush runtime journal from PID 1
[[0;32m  OK  [0m] Started LVM2 metadata daemon.
[[0;32m  OK  [0m] Started Create Static Device Nodes in /dev.
         Starting udev Kernel Device Manager...
[    7.643500] iscsi: registered transport (iser)
[[0;32m  OK  [0m] Started Load Kernel Modules.
         Starting Apply Kernel Variables...
         Mounting FUSE Control File System...
         Mounting Kernel Configuration File System...
[[0;32m  OK  [0m] Mounted FUSE Control File System.
[[0;32m  OK  [0m] Mounted Kernel Configuration File System.
[[0;32m  OK  [0m] Started udev Kernel Device Manager.
[[0;32m  OK  [0m] Started Dispatch Password Requests to Console Directory Watch.
[[0;32m  OK  [0m] Reached target Local Encrypted Volumes.
[[0;32m  OK  [0m] Started Apply Kernel Variables.
[[0;32m  OK  [0m] Started Monitoring of LVM2 mirrors,â€¦sing dmeventd or progress polling.
[[0;32m  OK  [0m] Reached target Local File Systems (Pre).
[[0;32m  OK  [0m] Reached target Local File Systems.
         Starting Set console font and keymap...
         Starting AppArmor initialization...
         Starting ebtables ruleset management...
         Starting Tell Plymouth To Write Out Runtime Data...
[[0;32m  OK  [0m] Started Set console font and keymap.
[[0;32m  OK  [0m] Started Tell Plymouth To Write Out Runtime Data.
[[0;32m  OK  [0m] Started Flush Journal to Persistent Storage.
         Starting Create Volatile Files and Directories...
[[0;32m  OK  [0m] Started ebtables ruleset management.
[[0;32m  OK  [0m] Started Create Volatile Files and Directories.
         Starting Update UTMP about System Boot/Shutdown...
[[0;32m  OK  [0m] Found device /dev/ttyS0.
[[0;32m  OK  [0m] Started Update UTMP about System Boot/Shutdown.
[[0;32m  OK  [0m] Listening on Load/Save RF Kill Switch Status /dev/rfkill Watch.
[[0;32m  OK  [0m] Started AppArmor initialization.
         Starting Initial cloud-init job (pre-networking)...
[   15.328280] cloud-init[557]: Cloud-init v. 19.4-33-gbb4131a2-0ubuntu1~18.04.1 running 'init-local' at Fri, 10 Apr 2020 18:06:08 +0000. Up 14.84 seconds.
[[0;32m  OK  [0m] Started Initial cloud-init job (pre-networking).
[[0;32m  OK  [0m] Reached target Network (Pre).
         Starting Network Service...
[[0;32m  OK  [0m] Started Network Service.
         Starting Network Name Resolution...
         Starting Wait for Network to be Configured...
[[0;32m  OK  [0m] Started Network Name Resolution.
[[0;32m  OK  [0m] Reached target Host and Network Name Lookups.
[[0;32m  OK  [0m] Reached target Network.
[[0;32m  OK  [0m] Started Wait for Network to be Configured.
         Starting Initial cloud-init job (metadata service crawler)...
[   18.269960] cloud-init[684]: Cloud-init v. 19.4-33-gbb4131a2-0ubuntu1~18.04.1 running 'init' at Fri, 10 Apr 2020 18:06:11 +0000. Up 18.01 seconds.
[   18.271059] cloud-init[684]: ci-info: ++++++++++++++++++++++++++++++++++++++Net device info+++++++++++++++++++++++++++++++++++++++
[   18.271966] cloud-init[684]: ci-info: +--------+------+-----------------------------+---------------+--------+-------------------+
[   18.272933] cloud-init[684]: ci-info: | Device |  Up  |           Address           |      Mask     | Scope  |     Hw-Address    |
[   18.274080] cloud-init[684]: ci-info: +--------+------+-----------------------------+---------------+--------+-------------------+
[   18.275117] cloud-init[684]: ci-info: | enp0s3 | True |          10.0.2.15          | 255.255.255.0 | global | 02:85:4f:0b:ef:e7 |
[   18.276112] cloud-init[684]: ci-info: | enp0s3 | True |  fe80::85:4fff:fe0b:efe7/64 |       .       |  link  | 02:85:4f:0b:ef:e7 |
[   18.277116] cloud-init[684]: ci-info: | enp0s8 | True |        192.168.33.10        | 255.255.255.0 | global | 08:00:27:e9:cc:2a |
[   18.288205] cloud-init[684]: ci-info: | enp0s8 | True | fe80::a00:27ff:fee9:cc2a/64 |       .       |  link  | 08:00:27:e9:cc:2a |
[   18.289217] cloud-init[684]: ci-info: |   lo   | True |          127.0.0.1          |   255.0.0.0   |  host  |         .         |
[   18.290126] cloud-init[684]: ci-info: |   lo   | True |           ::1/128           |       .       |  host  |         .         |
[   18.291000] cloud-init[684]: ci-info: +--------+------+-----------------------------+---------------+--------+-------------------+
[   18.291901] cloud-init[684]: ci-info: +++++++++++++++++++++++++++++Route IPv4 info+++++++++++++++++++++++++++++
[   18.292890] cloud-init[684]: ci-info: +-------+--------------+----------+-----------------+-----------+-------+
[   18.293832] cloud-init[684]: ci-info: | Route | Destination  | Gateway  |     Genmask     | Interface | Flags |
[   18.304465] cloud-init[684]: ci-info: +-------+--------------+----------+-----------------+-----------+-------+
[   18.305235] cloud-init[684]: ci-info: |   0   |   0.0.0.0    | 10.0.2.2 |     0.0.0.0     |   enp0s3  |   UG  |
[   18.305970] cloud-init[684]: ci-info: |   1   |   10.0.2.0   | 0.0.0.0  |  255.255.255.0  |   enp0s3  |   U   |
[   18.306909] cloud-init[684]: ci-info: |   2   |   10.0.2.2   | 0.0.0.0  | 255.255.255.255 |   enp0s3  |   UH  |
[   18.307860] cloud-init[684]: ci-info: |   3   | 192.168.33.0 | 0.0.0.0  |  255.255.255.0  |   enp0s8  |   U   |
[   18.308828] cloud-init[684]: ci-info: +-------+--------------+----------+-----------------+-----------+-------+
[   18.309781] cloud-init[684]: ci-info: +++++++++++++++++++Route IPv6 info+++++++++++++++++++
[   18.310570] cloud-init[684]: ci-info: +-------+-------------+---------+-----------+-------+
[   18.311508] cloud-init[684]: ci-info: | Route | Destination | Gateway | Interface | Flags |
[   18.312240] cloud-init[684]: ci-info: +-------+-------------+---------+-----------+-------+
[   18.313016] cloud-init[684]: ci-info: |   1   |  fe80::/64  |    ::   |   enp0s8  |   U   |
[   18.313808] cloud-init[684]: ci-info: |   2   |  fe80::/64  |    ::   |   enp0s3  |   U   |
[   18.314628] cloud-init[684]: ci-info: |   4   |    local    |    ::   |   enp0s3  |   U   |
[   18.315410] cloud-init[684]: ci-info: |   5   |    local    |    ::   |   enp0s8  |   U   |
[   18.316266] cloud-init[684]: ci-info: |   6   |   ff00::/8  |    ::   |   enp0s8  |   U   |
[   18.317062] cloud-init[684]: ci-info: |   7   |   ff00::/8  |    ::   |   enp0s3  |   U   |
[   18.317832] cloud-init[684]: ci-info: +-------+-------------+---------+-----------+-------+
[[0;32m  OK  [0m] Started Initial cloud-init job (metadata service crawler).
[[0;32m  OK  [0m] Reached target System Initialization.
         Starting Socket activation for snappy daemon.
         Starting Docker Socket for the API.
[[0;32m  OK  [0m] Started Daily Cleanup of Temporary Directories.
[[0;32m  OK  [0m] Listening on ACPID Listen Socket.
[[0;32m  OK  [0m] Started Discard unused blocks once a week.
[[0;32m  OK  [0m] Listening on UUID daemon activation socket.
[[0;32m  OK  [0m] Listening on Open-iSCSI iscsid Socket.
         Starting LXD - unix socket.
[[0;32m  OK  [0m] Started ACPI Events Check.
[[0;32m  OK  [0m] Reached target Paths.
[[0;32m  OK  [0m] Started Message of the Day.
[[0;32m  OK  [0m] Started Daily apt download activities.
[[0;32m  OK  [0m] Started Daily apt upgrade and clean activities.
[[0;32m  OK  [0m] Reached target Timers.
[[0;32m  OK  [0m] Listening on D-Bus System Message Bus Socket.
[[0;32m  OK  [0m] Reached target Network is Online.
         Starting Availability of block devices...
[[0;32m  OK  [0m] Reached target Remote File Systems (Pre).
[[0;32m  OK  [0m] Reached target Remote File Systems.
[[0;32m  OK  [0m] Reached target Cloud-config availability.
[[0;32m  OK  [0m] Listening on Socket activation for snappy daemon.
[[0;32m  OK  [0m] Listening on Docker Socket for the API.
[[0;32m  OK  [0m] Listening on LXD - unix socket.
[[0;32m  OK  [0m] Started Availability of block devices.
[[0;32m  OK  [0m] Reached target Sockets.
[[0;32m  OK  [0m] Reached target Basic System.
         Starting Virtualbox guest utils...
[[0;32m  OK  [0m] Started Deferred execution scheduler.
         Starting LSB: automatic crash report generation...
         Starting Accounts Service...
[[0;32m  OK  [0m] Started FUSE filesystem for LXC.
         Starting containerd container runtime...
         Starting LSB: Record successful boot for GRUB...
[[0;32m  OK  [0m] Started irqbalance daemon.
         Starting Message of the Day...
         Starting Permit User Sessions...
         Starting OpenBSD Secure Shell server...
         Starting Ubuntu FAN network setup...
[[0;32m  OK  [0m] Started Regular background program processing daemon.
[[0;32m  OK  [0m] Started D-Bus System Message Bus.
         Starting Login Service...
         Starting LXD - container startup/shutdown...
         Starting Dispatcher daemon for systemd-networkd...
         Starting System Logging Service...
         Starting Snappy daemon...
[[0;32m  OK  [0m] Started System Logging Service.
[[0;32m  OK  [0m] Started containerd container runtime.
[[0;32m  OK  [0m] Started Permit User Sessions.
[[0;32m  OK  [0m] Started Login Service.
[[0;32m  OK  [0m] Started Unattended Upgrades Shutdown.
         Starting Authorization Manager...
         Starting Terminate Plymouth Boot Screen...
         Starting Hold until boot process finishes up...
[[0;32m  OK  [0m] Started Hold until boot process finishes up.
[[0;32m  OK  [0m] Started Terminate Plymouth Boot Screen.
[[0;32m  OK  [0m] Started Serial Getty on ttyS0.
         Starting Set console scheme...
[[0;32m  OK  [0m] Started Ubuntu FAN network setup.
[[0;32m  OK  [0m] Started LSB: automatic crash report generation.
[[0;32m  OK  [0m] Started LSB: Record successful boot for GRUB.
[[0;32m  OK  [0m] Started Set console scheme.
[[0;32m  OK  [0m] Started Authorization Manager.
[[0;32m  OK  [0m] Started Accounts Service.
[[0;32m  OK  [0m] Created slice system-getty.slice.
[[0;32m  OK  [0m] Started Getty on tty1.
[[0;32m  OK  [0m] Reached target Login Prompts.
[[0;32m  OK  [0m] Started Virtualbox guest utils.
[[0;32m  OK  [0m] Started OpenBSD Secure Shell server.
[[0;32m  OK  [0m] Created slice User Slice of vagrant.
         Starting User Manager for UID 1000...
[[0;32m  OK  [0m] Started Session 1 of user vagrant.
[[0;32m  OK  [0m] Started LXD - container startup/shutdown.
[[0;32m  OK  [0m] Started Dispatcher daemon for systemd-networkd.
[[0;32m  OK  [0m] Started User Manager for UID 1000.

Ubuntu 18.04.4 LTS ubuntu-bionic ttyS0

ubuntu-bionic login: [   27.635248] cloud-init[1630]: Cloud-init v. 19.4-33-gbb4131a2-0ubuntu1~18.04.1 running 'modules:config' at Fri, 10 Apr 2020 18:06:21 +0000. Up 27.42 seconds.
[   28.373172] cloud-init[1708]: Cloud-init v. 19.4-33-gbb4131a2-0ubuntu1~18.04.1 running 'modules:final' at Fri, 10 Apr 2020 18:06:21 +0000. Up 28.20 seconds.
[   28.374399] cloud-init[1708]: Cloud-init v. 19.4-33-gbb4131a2-0ubuntu1~18.04.1 finished at Fri, 10 Apr 2020 18:06:22 +0000. Datasource DataSourceNoCloud [seed=/dev/sdb][dsmode=net].  Up 28.36 seconds
