[    0.000000] Linux version 4.15.0-64-generic (buildd@lgw01-amd64-038) (gcc version 7.4.0 (Ubuntu 7.4.0-1ubuntu1~18.04.1)) #73-Ubuntu SMP Thu Sep 12 13:16:13 UTC 2019 (Ubuntu 4.15.0-64.73-generic 4.15.18)
[    0.000000] Command line: BOOT_IMAGE=/boot/vmlinuz-4.15.0-64-generic root=LABEL=cloudimg-rootfs ro console=tty1 console=ttyS0
[    0.000000] KERNEL supported cpus:
[    0.000000]   Intel GenuineIntel
[    0.000000]   AMD AuthenticAMD
[    0.000000]   Centaur CentaurHauls
[    0.000000] x86/fpu: Supporting XSAVE feature 0x001: 'x87 floating point registers'
[    0.000000] x86/fpu: Supporting XSAVE feature 0x002: 'SSE registers'
[    0.000000] x86/fpu: Supporting XSAVE feature 0x004: 'AVX registers'
[    0.000000] x86/fpu: xstate_offset[2]:  576, xstate_sizes[2]:  256
[    0.000000] x86/fpu: Enabled xstate features 0x7, context size is 832 bytes, using 'standard' format.
[    0.000000] e820: BIOS-provided physical RAM map:
[    0.000000] BIOS-e820: [mem 0x0000000000000000-0x000000000009fbff] usable
[    0.000000] BIOS-e820: [mem 0x000000000009fc00-0x000000000009ffff] reserved
[    0.000000] BIOS-e820: [mem 0x00000000000f0000-0x00000000000fffff] reserved
[    0.000000] BIOS-e820: [mem 0x0000000000100000-0x000000007ffeffff] usable
[    0.000000] BIOS-e820: [mem 0x000000007fff0000-0x000000007fffffff] ACPI data
[    0.000000] BIOS-e820: [mem 0x00000000fec00000-0x00000000fec00fff] reserved
[    0.000000] BIOS-e820: [mem 0x00000000fee00000-0x00000000fee00fff] reserved
[    0.000000] BIOS-e820: [mem 0x00000000fffc0000-0x00000000ffffffff] reserved
[    0.000000] NX (Execute Disable) protection: active
[    0.000000] SMBIOS 2.5 present.
[    0.000000] DMI: innotek GmbH VirtualBox/VirtualBox, BIOS VirtualBox 12/01/2006
[    0.000000] Hypervisor detected: KVM
[    0.000000] e820: last_pfn = 0x7fff0 max_arch_pfn = 0x400000000
[    0.000000] MTRR: Disabled
[    0.000000] x86/PAT: MTRRs disabled, skipping PAT initialization too.
[    0.000000] CPU MTRRs all blank - virtualized system.
[    0.000000] x86/PAT: Configuration [0-7]: WB  WT  UC- UC  WB  WT  UC- UC  
[    0.000000] found SMP MP-table at [mem 0x0009fff0-0x0009ffff]
[    0.000000] Scanning 1 areas for low memory corruption
[    0.000000] RAMDISK: [mem 0x35a8b000-0x36d3cfff]
[    0.000000] ACPI: Early table checksum verification disabled
[    0.000000] ACPI: RSDP 0x00000000000E0000 000024 (v02 VBOX  )
[    0.000000] ACPI: XSDT 0x000000007FFF0030 00003C (v01 VBOX   VBOXXSDT 00000001 ASL  00000061)
[    0.000000] ACPI: FACP 0x000000007FFF00F0 0000F4 (v04 VBOX   VBOXFACP 00000001 ASL  00000061)
[    0.000000] ACPI: DSDT 0x000000007FFF0470 0022EA (v02 VBOX   VBOXBIOS 00000002 INTL 20100528)
[    0.000000] ACPI: FACS 0x000000007FFF0200 000040
[    0.000000] ACPI: FACS 0x000000007FFF0200 000040
[    0.000000] ACPI: APIC 0x000000007FFF0240 00005C (v02 VBOX   VBOXAPIC 00000001 ASL  00000061)
[    0.000000] ACPI: SSDT 0x000000007FFF02A0 0001CC (v01 VBOX   VBOXCPUT 00000002 INTL 20100528)
[    0.000000] No NUMA configuration found
[    0.000000] Faking a node at [mem 0x0000000000000000-0x000000007ffeffff]
[    0.000000] NODE_DATA(0) allocated [mem 0x7ffc5000-0x7ffeffff]
[    0.000000] kvm-clock: cpu 0, msr 0:7ff44001, primary cpu clock
[    0.000000] kvm-clock: Using msrs 4b564d01 and 4b564d00
[    0.000000] kvm-clock: using sched offset of 40203638351 cycles
[    0.000000] clocksource: kvm-clock: mask: 0xffffffffffffffff max_cycles: 0x1cd42e4dffb, max_idle_ns: 881590591483 ns
[    0.000000] Zone ranges:
[    0.000000]   DMA      [mem 0x0000000000001000-0x0000000000ffffff]
[    0.000000]   DMA32    [mem 0x0000000001000000-0x000000007ffeffff]
[    0.000000]   Normal   empty
[    0.000000]   Device   empty
[    0.000000] Movable zone start for each node
[    0.000000] Early memory node ranges
[    0.000000]   node   0: [mem 0x0000000000001000-0x000000000009efff]
[    0.000000]   node   0: [mem 0x0000000000100000-0x000000007ffeffff]
[    0.000000] Reserved but unavailable: 98 pages
[    0.000000] Initmem setup node 0 [mem 0x0000000000001000-0x000000007ffeffff]
[    0.000000] ACPI: PM-Timer IO Port: 0x4008
[    0.000000] IOAPIC[0]: apic_id 2, version 32, address 0xfec00000, GSI 0-23
[    0.000000] ACPI: INT_SRC_OVR (bus 0 bus_irq 0 global_irq 2 dfl dfl)
[    0.000000] ACPI: INT_SRC_OVR (bus 0 bus_irq 9 global_irq 9 low level)
[    0.000000] Using ACPI (MADT) for SMP configuration information
[    0.000000] smpboot: Allowing 2 CPUs, 0 hotplug CPUs
[    0.000000] PM: Registered nosave memory: [mem 0x00000000-0x00000fff]
[    0.000000] PM: Registered nosave memory: [mem 0x0009f000-0x0009ffff]
[    0.000000] PM: Registered nosave memory: [mem 0x000a0000-0x000effff]
[    0.000000] PM: Registered nosave memory: [mem 0x000f0000-0x000fffff]
[    0.000000] e820: [mem 0x80000000-0xfebfffff] available for PCI devices
[    0.000000] Booting paravirtualized kernel on KVM
[    0.000000] clocksource: refined-jiffies: mask: 0xffffffff max_cycles: 0xffffffff, max_idle_ns: 7645519600211568 ns
[    0.000000] random: get_random_bytes called from start_kernel+0x99/0x4fd with crng_init=0
[    0.000000] setup_percpu: NR_CPUS:8192 nr_cpumask_bits:2 nr_cpu_ids:2 nr_node_ids:1
[    0.000000] percpu: Embedded 46 pages/cpu s151552 r8192 d28672 u1048576
[    0.000000] PV qspinlock hash table entries: 256 (order: 0, 4096 bytes)
[    0.000000] Built 1 zonelists, mobility grouping on.  Total pages: 515961
[    0.000000] Policy zone: DMA32
[    0.000000] Kernel command line: BOOT_IMAGE=/boot/vmlinuz-4.15.0-64-generic root=LABEL=cloudimg-rootfs ro console=tty1 console=ttyS0
[    0.000000] Memory: 2015632K/2096696K available (12300K kernel code, 2481K rwdata, 4172K rodata, 2436K init, 2384K bss, 81064K reserved, 0K cma-reserved)
[    0.000000] SLUB: HWalign=64, Order=0-3, MinObjects=0, CPUs=2, Nodes=1
[    0.000000] Kernel/User page tables isolation: enabled
[    0.000000] ftrace: allocating 39306 entries in 154 pages
[    0.004000] Hierarchical RCU implementation.
[    0.004000] 	RCU restricting CPUs from NR_CPUS=8192 to nr_cpu_ids=2.
[    0.004000] 	Tasks RCU enabled.
[    0.004000] RCU: Adjusting geometry for rcu_fanout_leaf=16, nr_cpu_ids=2
[    0.004000] NR_IRQS: 524544, nr_irqs: 440, preallocated irqs: 16
[    0.004000] Console: colour VGA+ 80x25
[    0.004000] console [tty1] enabled
[    0.004000] console [ttyS0] enabled
[    0.004000] ACPI: Core revision 20170831
[    0.004000] ACPI: 2 ACPI AML tables successfully acquired and loaded
[    0.004000] APIC: Switch to symmetric I/O mode setup
[    0.004000] x2apic enabled
[    0.004000] Switched APIC routing to physical x2apic.
[    0.005844] ..TIMER: vector=0x30 apic1=0 pin1=2 apic2=-1 pin2=-1
[    0.008003] tsc: Detected 1992.003 MHz processor
[    0.009106] Calibrating delay loop (skipped) preset value.. 3984.00 BogoMIPS (lpj=7968012)
[    0.010032] pid_max: default: 32768 minimum: 301
[    0.012047] Security Framework initialized
[    0.013070] Yama: becoming mindful.
[    0.013972] AppArmor: AppArmor initialized
[    0.016154] Dentry cache hash table entries: 262144 (order: 9, 2097152 bytes)
[    0.019083] Inode-cache hash table entries: 131072 (order: 8, 1048576 bytes)
[    0.020023] Mount-cache hash table entries: 4096 (order: 3, 32768 bytes)
[    0.021533] Mountpoint-cache hash table entries: 4096 (order: 3, 32768 bytes)
[    0.024349] Last level iTLB entries: 4KB 64, 2MB 8, 4MB 8
[    0.025625] Last level dTLB entries: 4KB 64, 2MB 0, 4MB 0, 1GB 4
[    0.027368] Spectre V1 : Mitigation: usercopy/swapgs barriers and __user pointer sanitization
[    0.028005] Spectre V2 : Mitigation: Full generic retpoline
[    0.029422] Spectre V2 : Spectre v2 / SpectreRSB mitigation: Filling RSB on context switch
[    0.032004] Speculative Store Bypass: Vulnerable
[    0.033407] MDS: Vulnerable: Clear CPU buffers attempted, no microcode
[    0.036256] Freeing SMP alternatives memory: 36K
[    0.044000] smpboot: CPU0: Intel(R) Core(TM) i7-8550U CPU @ 1.80GHz (family: 0x6, model: 0x8e, stepping: 0xa)
[    0.044000] Performance Events: unsupported p6 CPU model 142 no PMU driver, software events only.
[    0.044052] Hierarchical SRCU implementation.
[    0.045687] NMI watchdog: Perf event create on CPU 0 failed with -2
[    0.048002] NMI watchdog: Perf NMI watchdog permanently disabled
[    0.049344] smp: Bringing up secondary CPUs ...
[    0.050452] x86: Booting SMP configuration:
[    0.052005] .... node  #0, CPUs:      #1
[    0.004000] kvm-clock: cpu 1, msr 0:7ff44041, secondary cpu clock
[    0.056042] smp: Brought up 1 node, 2 CPUs
[    0.057163] smpboot: Max logical packages: 1
[    0.058234] smpboot: Total of 2 processors activated (7968.01 BogoMIPS)
[    0.060178] devtmpfs: initialized
[    0.060978] x86/mm: Memory block size: 128MB
[    0.062692] evm: security.selinux
[    0.064007] evm: security.SMACK64
[    0.065086] evm: security.SMACK64EXEC
[    0.066254] evm: security.SMACK64TRANSMUTE
[    0.068005] evm: security.SMACK64MMAP
[    0.069171] evm: security.apparmor
[    0.070286] evm: security.ima
[    0.071305] evm: security.capability
[    0.076047] clocksource: jiffies: mask: 0xffffffff max_cycles: 0xffffffff, max_idle_ns: 7645041785100000 ns
[    0.080024] futex hash table entries: 512 (order: 3, 32768 bytes)
[    0.084017] pinctrl core: initialized pinctrl subsystem
[    0.085448] RTC time: 11:20:07, date: 07/14/20
[    0.086779] NET: Registered protocol family 16
[    0.088118] audit: initializing netlink subsys (disabled)
[    0.090340] audit: type=2000 audit(1594725648.706:1): state=initialized audit_enabled=0 res=1
[    0.092144] cpuidle: using governor ladder
[    0.093239] cpuidle: using governor menu
[    0.096080] ACPI: bus type PCI registered
[    0.097305] acpiphp: ACPI Hot Plug PCI Controller Driver version: 0.5
[    0.099005] PCI: Using configuration type 1 for base access
[    0.101371] HugeTLB registered 2.00 MiB page size, pre-allocated 0 pages
[    0.104119] ACPI: Added _OSI(Module Device)
[    0.105861] ACPI: Added _OSI(Processor Device)
[    0.108015] ACPI: Added _OSI(3.0 _SCP Extensions)
[    0.109665] ACPI: Added _OSI(Processor Aggregator Device)
[    0.112013] ACPI: Added _OSI(Linux-Dell-Video)
[    0.113468] ACPI: Added _OSI(Linux-Lenovo-NV-HDMI-Audio)
[    0.116004] ACPI: Added _OSI(Linux-HPI-Hybrid-Graphics)
[    0.117789] ACPI: Executed 1 blocks of module-level executable AML code
[    0.126390] ACPI: Interpreter enabled
[    0.127382] ACPI: (supports S0 S5)
[    0.128003] ACPI: Using IOAPIC for interrupt routing
[    0.129548] PCI: Using host bridge windows from ACPI; if necessary, use "pci=nocrs" and report a bug
[    0.132000] ACPI: Enabled 2 GPEs in block 00 to 07
[    0.142678] ACPI: PCI Root Bridge [PCI0] (domain 0000 [bus 00-ff])
[    0.144000] acpi PNP0A03:00: _OSC: OS supports [ASPM ClockPM Segments MSI]
[    0.144793] acpi PNP0A03:00: _OSC: not requesting OS control; OS requires [ExtendedConfig ASPM ClockPM MSI]
[    0.148024] acpi PNP0A03:00: fail to add MMCONFIG information, can't access extended PCI configuration space under this bridge.
[    0.152535] PCI host bridge to bus 0000:00
[    0.153580] pci_bus 0000:00: root bus resource [io  0x0000-0x0cf7 window]
[    0.156029] pci_bus 0000:00: root bus resource [io  0x0d00-0xffff window]
[    0.158026] pci_bus 0000:00: root bus resource [mem 0x000a0000-0x000bffff window]
[    0.159891] pci_bus 0000:00: root bus resource [mem 0x80000000-0xfdffffff window]
[    0.160005] pci_bus 0000:00: root bus resource [bus 00-ff]
[    0.166566] pci 0000:00:01.1: legacy IDE quirk: reg 0x10: [io  0x01f0-0x01f7]
[    0.168003] pci 0000:00:01.1: legacy IDE quirk: reg 0x14: [io  0x03f6]
[    0.169576] pci 0000:00:01.1: legacy IDE quirk: reg 0x18: [io  0x0170-0x0177]
[    0.171365] pci 0000:00:01.1: legacy IDE quirk: reg 0x1c: [io  0x0376]
[    0.235232] pci 0000:00:07.0: quirk: [io  0x4000-0x403f] claimed by PIIX4 ACPI
[    0.236067] pci 0000:00:07.0: quirk: [io  0x4100-0x410f] claimed by PIIX4 SMB
[    0.273663] ACPI: PCI Interrupt Link [LNKA] (IRQs 5 9 10 *11)
[    0.276000] ACPI: PCI Interrupt Link [LNKB] (IRQs 5 9 *10 11)
[    0.276275] ACPI: PCI Interrupt Link [LNKC] (IRQs 5 *9 10 11)
[    0.278304] ACPI: PCI Interrupt Link [LNKD] (IRQs 5 9 10 *11)
[    0.280529] SCSI subsystem initialized
[    0.284119] pci 0000:00:02.0: vgaarb: setting as boot VGA device
[    0.286038] pci 0000:00:02.0: vgaarb: VGA device added: decodes=io+mem,owns=io+mem,locks=none
[    0.286038] pci 0000:00:02.0: vgaarb: bridge control possible
[    0.288008] vgaarb: loaded
[    0.289019] ACPI: bus type USB registered
[    0.292044] usbcore: registered new interface driver usbfs
[    0.293711] usbcore: registered new interface driver hub
[    0.296049] usbcore: registered new device driver usb
[    0.297701] EDAC MC: Ver: 3.0.0
[    0.300045] PCI: Using ACPI for IRQ routing
[    0.300524] NetLabel: Initializing
[    0.301698] NetLabel:  domain hash size = 128
[    0.303160] NetLabel:  protocols = UNLABELED CIPSOv4 CALIPSO
[    0.304046] NetLabel:  unlabeled traffic allowed by default
[    0.308156] clocksource: Switched to clocksource kvm-clock
[    0.327588] VFS: Disk quotas dquot_6.6.0
[    0.328735] VFS: Dquot-cache hash table entries: 512 (order 0, 4096 bytes)
[    0.330647] AppArmor: AppArmor Filesystem Enabled
[    0.332046] pnp: PnP ACPI init
[    0.335313] pnp: PnP ACPI: found 3 devices
[    0.343300] clocksource: acpi_pm: mask: 0xffffff max_cycles: 0xffffff, max_idle_ns: 2085701024 ns
[    0.345627] NET: Registered protocol family 2
[    0.346982] TCP established hash table entries: 16384 (order: 5, 131072 bytes)
[    0.349846] TCP bind hash table entries: 16384 (order: 6, 262144 bytes)
[    0.352381] TCP: Hash tables configured (established 16384 bind 16384)
[    0.354079] UDP hash table entries: 1024 (order: 3, 32768 bytes)
[    0.356232] UDP-Lite hash table entries: 1024 (order: 3, 32768 bytes)
[    0.358472] NET: Registered protocol family 1
[    0.360027] pci 0000:00:00.0: Limiting direct PCI/PCI transfers
[    0.361847] pci 0000:00:01.0: Activating ISA DMA hang workarounds
[    0.363421] pci 0000:00:02.0: Video device with shadowed ROM at [mem 0x000c0000-0x000dffff]
[    0.366198] Unpacking initramfs...
[    0.830945] Freeing initrd memory: 19144K
[    0.832606] clocksource: tsc: mask: 0xffffffffffffffff max_cycles: 0x396d5809302, max_idle_ns: 881590667022 ns
[    0.835550] platform rtc_cmos: registered platform RTC device (no PNP device found)
[    0.838026] Scanning for low memory corruption every 60 seconds
[    0.847672] Initialise system trusted keyrings
[    0.850187] Key type blacklist registered
[    0.851669] workingset: timestamp_bits=36 max_order=19 bucket_order=0
[    0.855973] zbud: loaded
[    0.858232] squashfs: version 4.0 (2009/01/31) Phillip Lougher
[    0.860447] fuse init (API version 7.26)
[    0.868608] Key type asymmetric registered
[    0.869946] Asymmetric key parser 'x509' registered
[    0.871463] Block layer SCSI generic (bsg) driver version 0.4 loaded (major 246)
[    0.874445] io scheduler noop registered
[    0.875816] io scheduler deadline registered
[    0.877439] io scheduler cfq registered (default)
[    0.879594] ACPI: AC Adapter [AC] (on-line)
[    0.883412] input: Power Button as /devices/LNXSYSTM:00/LNXPWRBN:00/input/input0
[    0.885692] ACPI: Power Button [PWRF]
[    0.886902] input: Sleep Button as /devices/LNXSYSTM:00/LNXSLPBN:00/input/input1
[    0.890015] ACPI: Sleep Button [SLPF]
[    0.891962] Serial: 8250/16550 driver, 32 ports, IRQ sharing enabled
[    0.893527] ACPI: Battery Slot [BAT0] (battery present)
[    0.916309] 00:02: ttyS0 at I/O 0x3f8 (irq = 4, base_baud = 115200) is a 16550A
[    0.920818] Linux agpgart interface v0.103
[    0.925933] loop: module loaded
[    0.928213] scsi host0: ata_piix
[    0.929704] scsi host1: ata_piix
[    0.930728] ata1: PATA max UDMA/33 cmd 0x1f0 ctl 0x3f6 bmdma 0xd000 irq 14
[    0.932521] ata2: PATA max UDMA/33 cmd 0x170 ctl 0x376 bmdma 0xd008 irq 15
[    0.935394] libphy: Fixed MDIO Bus: probed
[    0.936995] tun: Universal TUN/TAP device driver, 1.6
[    0.938887] PPP generic driver version 2.4.2
[    0.941022] ehci_hcd: USB 2.0 'Enhanced' Host Controller (EHCI) Driver
[    0.943375] ehci-pci: EHCI PCI platform driver
[    0.944940] ehci-platform: EHCI generic platform driver
[    0.946381] ohci_hcd: USB 1.1 'Open' Host Controller (OHCI) Driver
[    0.947873] ohci-pci: OHCI PCI platform driver
[    0.949583] ohci-platform: OHCI generic platform driver
[    0.950951] uhci_hcd: USB Universal Host Controller Interface driver
[    0.952692] i8042: PNP: PS/2 Controller [PNP0303:PS2K,PNP0f03:PS2M] at 0x60,0x64 irq 1,12
[    0.956018] serio: i8042 KBD port at 0x60,0x64 irq 1
[    0.957548] serio: i8042 AUX port at 0x60,0x64 irq 12
[    0.959275] mousedev: PS/2 mouse device common for all mice
[    0.961593] input: AT Translated Set 2 keyboard as /devices/platform/i8042/serio0/input/input2
[    0.965670] rtc_cmos rtc_cmos: rtc core: registered rtc_cmos as rtc0
[    0.968043] rtc_cmos rtc_cmos: alarms up to one day, 114 bytes nvram
[    0.970243] i2c /dev entries driver
[    0.971999] device-mapper: uevent: version 1.0.3
[    0.976552] device-mapper: ioctl: 4.37.0-ioctl (2017-09-20) initialised: dm-devel@redhat.com
[    0.979569] ledtrig-cpu: registered to indicate activity on CPUs
[    0.982599] NET: Registered protocol family 10
[    0.991502] Segment Routing with IPv6
[    0.992761] NET: Registered protocol family 17
[    0.994232] Key type dns_resolver registered
[    0.995663] mce: Using 0 MCE banks
[    0.996656] RAS: Correctable Errors collector initialized.
[    0.998105] sched_clock: Marking stable (996627812, 0)->(1380243512, -383615700)
[    1.000871] registered taskstats version 1
[    1.002318] Loading compiled-in X.509 certificates
[    1.011892] Loaded X.509 cert 'Build time autogenerated kernel key: 9ff85db0b1f72c0c954e4d2eaca5a9366845820b'
[    1.016807] zswap: loaded using pool lzo/zbud
[    1.025663] Key type big_key registered
[    1.028532] Key type trusted registered
[    1.032585] Key type encrypted registered
[    1.034780] AppArmor: AppArmor sha1 policy hashing enabled
[    1.036894] ima: No TPM chip found, activating TPM-bypass! (rc=-19)
[    1.038940] ima: Allocated hash algorithm: sha1
[    1.040887] evm: HMAC attrs: 0x1
[    1.042314]   Magic number: 12:494:327
[    1.043484] rtc_cmos rtc_cmos: setting system clock to 2020-07-14 11:20:08 UTC (1594725608)
[    1.045759] BIOS EDD facility v0.16 2004-Jun-25, 0 devices found
[    1.047246] EDD information not available.
[    1.098330] Freeing unused kernel image memory: 2436K
[    1.109004] Write protecting the kernel read-only data: 20480k
[    1.111975] Freeing unused kernel image memory: 2008K
[    1.114113] Freeing unused kernel image memory: 1972K
[    1.130282] x86/mm: Checked W+X mappings: passed, no W+X pages found.
[    1.132140] x86/mm: Checking user space page tables
[    1.147991] x86/mm: Checked W+X mappings: passed, no W+X pages found.
Loading, please wait...
starting version 237
[    1.329383] Fusion MPT base driver 3.04.20
[    1.330882] Copyright (c) 1999-2008 LSI Corporation
[    1.340392] e1000: Intel(R) PRO/1000 Network Driver - version 7.3.21-k8-NAPI
[    1.344833] e1000: Copyright (c) 1999-2006 Intel Corporation.
[    1.355618] AVX2 version of gcm_enc/dec engaged.
[    1.358206] AES CTR mode by8 optimization enabled
[    1.382692] Fusion MPT SPI Host driver 3.04.20
[    1.537204] input: ImExPS/2 Generic Explorer Mouse as /devices/platform/i8042/serio1/input/input4
[    1.943033] e1000 0000:00:03.0 eth0: (PCI:33MHz:32-bit) 02:ab:ce:93:e0:e3
[    1.945521] e1000 0000:00:03.0 eth0: Intel(R) PRO/1000 Network Connection
[    2.877938] e1000 0000:00:08.0 eth1: (PCI:33MHz:32-bit) 08:00:27:71:e2:19
[    2.880450] e1000 0000:00:08.0 eth1: Intel(R) PRO/1000 Network Connection
[    2.883496] e1000 0000:00:03.0 enp0s3: renamed from eth0
[    2.892352] mptbase: ioc0: Initiating bringup
[    2.905583] e1000 0000:00:08.0 enp0s8: renamed from eth1
[    3.006912] ioc0: LSI53C1030 A0: Capabilities={Initiator}
[    4.090959] scsi host2: ioc0: LSI53C1030 A0, FwRev=00000000h, Ports=1, MaxQ=256, IRQ=20
[    4.481998] scsi 2:0:0:0: Direct-Access     VBOX     HARDDISK         1.0  PQ: 0 ANSI: 5
[    4.814477] scsi target2:0:0: Beginning Domain Validation
[    4.818234] scsi target2:0:0: Domain Validation skipping write tests
[    4.820152] scsi target2:0:0: Ending Domain Validation
[    4.821924] scsi target2:0:0: asynchronous
[    4.823798] scsi 2:0:1:0: Direct-Access     VBOX     HARDDISK         1.0  PQ: 0 ANSI: 5
[    5.316307] scsi target2:0:1: Beginning Domain Validation
[    5.320684] random: fast init done
[    5.322364] scsi target2:0:1: Domain Validation skipping write tests
[    5.326411] scsi target2:0:1: Ending Domain Validation
[    5.328558] scsi target2:0:1: asynchronous
[    5.336978] random: systemd-udevd: uninitialized urandom read (16 bytes read)
[    5.337438] sd 2:0:0:0: [sda] 20971520 512-byte logical blocks: (10.7 GB/10.0 GiB)
[    5.343054] sd 2:0:0:0: Attached scsi generic sg0 type 0
[    5.345766] sd 2:0:0:0: [sda] Write Protect is off
[    5.349310] random: systemd-udevd: uninitialized urandom read (16 bytes read)
[    5.349317] random: systemd-udevd: uninitialized urandom read (16 bytes read)
[    5.350765] sd 2:0:1:0: Attached scsi generic sg1 type 0
[    5.359737] sd 2:0:0:0: [sda] Incomplete mode parameter data
[    5.361224] sd 2:0:0:0: [sda] Assuming drive cache: write through
[    5.362672] sd 2:0:1:0: [sdb] 20480 512-byte logical blocks: (10.5 MB/10.0 MiB)
[    5.366456] sd 2:0:1:0: [sdb] Write Protect is off
[    5.368267] sd 2:0:1:0: [sdb] Incomplete mode parameter data
[    5.370343] sd 2:0:1:0: [sdb] Assuming drive cache: write through
[    5.388071]  sda: sda1
[    5.390170] sd 2:0:0:0: [sda] Attached SCSI disk
[    5.573273] sd 2:0:1:0: [sdb] Attached SCSI disk
Begin: Loading essential drivers ... [    8.316369] raid6: sse2x1   gen()  8077 MB/s
[    8.364819] raid6: sse2x1   xor()  5060 MB/s
[    8.412648] raid6: sse2x2   gen()  7621 MB/s
[    8.460018] raid6: sse2x2   xor()  4573 MB/s
[    8.508109] raid6: sse2x4   gen()  5579 MB/s
[    8.556293] raid6: sse2x4   xor()  3371 MB/s
[    8.604458] raid6: avx2x1   gen()  7822 MB/s
[    8.654436] raid6: avx2x1   xor()  5274 MB/s
[    8.704081] raid6: avx2x2   gen() 12541 MB/s
[    8.752067] raid6: avx2x2   xor() 10572 MB/s
[    8.801091] raid6: avx2x4   gen() 13358 MB/s
[    8.848479] raid6: avx2x4   xor()  8301 MB/s
[    8.853783] raid6: using algorithm avx2x4 gen() 13358 MB/s
[    8.855623] raid6: .... xor() 8301 MB/s, rmw enabled
[    8.857791] raid6: using avx2x2 recovery algorithm
[    8.861577] xor: automatically using best checksumming function   avx       
[    8.866314] async_tx: api initialized (async)
done.
Begin: Running /scripts/init-premount ... done.
Begin: Mounting root file system ... Begin: Running /scripts/local-top ... done.
Begin: Running /scripts/local-premount ... [    8.964880] Btrfs loaded, crc32c=crc32c-intel
Scanning for Btrfs filesystems
done.
Warning: fsck not present, so skipping root file system
[   10.624500] EXT4-fs (sda1): mounted filesystem with ordered data mode. Opts: (null)
done.
[   10.915231] random: crng init done
[   10.916426] random: 7 urandom warning(s) missed due to ratelimiting
Begin: Running /scripts/local-bottom ... done.
Begin: Running /scripts/init-bottom ... done.
[   33.501904] ip_tables: (C) 2000-2006 Netfilter Core Team
[   36.135041] systemd[1]: systemd 237 running in system mode. (+PAM +AUDIT +SELINUX +IMA +APPARMOR +SMACK +SYSVINIT +UTMP +LIBCRYPTSETUP +GCRYPT +GNUTLS +ACL +XZ +LZ4 +SECCOMP +BLKID +ELFUTILS +KMOD -IDN2 +IDN -PCRE2 default-hierarchy=hybrid)
[   36.139428] systemd[1]: Detected virtualization oracle.
[   36.140514] systemd[1]: Detected architecture x86-64.

Welcome to [1mUbuntu 18.04.3 LTS[0m!

[   36.309501] systemd[1]: Set hostname to <ubuntu>.
[   36.806829] systemd[1]: Initializing machine ID from random generator.
[   36.808128] systemd[1]: Installed transient /etc/machine-id file.
[   51.901657] systemd[1]: Reached target User and Group Name Lookups.
[[0;32m  OK  [0m] Reached target User and Group Name Lookups.
[   51.916538] systemd[1]: Created slice User and Session Slice.
[[0;32m  OK  [0m] Created slice User and Session Slice.
[   51.918719] systemd[1]: Set up automount Arbitrary Executable File Formats File System Automount Point.
[[0;32m  OK  [0m] Set up automount Arbitrary Executabâ€¦rmats File System Automount Point.
[   51.922649] systemd[1]: Created slice System Slice.
[[0;32m  OK  [0m] Created slice System Slice.
[   51.942472] systemd[1]: Reached target Slices.
[[0;32m  OK  [0m] Reached target Slices.
[   51.944397] systemd[1]: Created slice system-serial\x2dgetty.slice.
[[0;32m  OK  [0m] Created slice system-serial\x2dgetty.slice.
[   51.946451] systemd[1]: Listening on Device-mapper event daemon FIFOs.
[[0;32m  OK  [0m] Listening on Device-mapper event daemon FIFOs.
[   51.949858] systemd[1]: Listening on Journal Socket.
[[0;32m  OK  [0m] Listening on Journal Socket.
[   51.964035] systemd[1]: Listening on LVM2 poll daemon socket.
[[0;32m  OK  [0m] Listening on LVM2 poll daemon socket.
[   52.132164] systemd[1]: Listening on LVM2 metadata daemon socket.
[[0;32m  OK  [0m] Listening on LVM2 metadata daemon socket.
         Starting Monitoring of LVM2 mirrorsâ€¦ng dmeventd or progress polling...
         Starting Load Kernel Modules...
[[0;32m  OK  [0m] Listening on Network Service Netlink Socket.
         Mounting POSIX Message Queue File System...
[[0;32m  OK  [0m] Listening on Journal Socket (/dev/log).
[[0;32m  OK  [0m] Listening on udev Kernel Socket.
         Starting Remount Root and Kernel File Systems...
         Mounting Huge Pages File System...
[[0;32m  OK  [0m] Listening on udev Control Socket.
         Starting udev Coldplug all Devices...
[[0;32m  OK  [0m] Started Forward Password Requests to Wall Directory Watch.
         Starting Create list of required stâ€¦ce nodes for the current kernel...
         Starting Set the console keyboard layout...
[[0;32m  OK  [0m] Listening on Syslog Socket.
[[0;32m  OK  [0m] Reached target System Time Synchronized.
         Starting Uncomplicated firewall...
[[0;32m  OK  [0m] Listening on Journal Audit Socket.
         Starting Journal Service...
         Mounting Kernel Debug File System...
[[0;32m  OK  [0m] Listening on /dev/initctl Compatibility Named Pipe.
[[0;32m  OK  [0m] Reached target Swap.
[[0;32m  OK  [0m] Started Journal Service.
[[0;32m  OK  [0m] Mounted POSIX Message Queue File System.
[[0;32m  OK  [0m] Mounted Huge Pages File System.
[[0;32m  OK  [0m] Mounted Kernel Debug File System.
[[0;32m  OK  [0m] Started Create list of required staâ€¦vice nodes for the current kernel.
         Starting Create Static Device Nodes in /dev...
[[0;32m  OK  [0m] Started Uncomplicated firewall.
[   57.030833] Loading iSCSI transport class v2.0-870.
[   57.032651] EXT4-fs (sda1): re-mounted. Opts: (null)
[[0;32m  OK  [0m] Started Remount Root and Kernel File Systems.
         Starting Load/Save Random Seed...
[   58.157863] iscsi: registered transport (tcp)
         Starting Flush Journal to Persistent Storage...
[[0;32m  OK  [0m] Started Load/Save Random Seed.
[[0;32m  OK  [0m] Started udev Coldplug all Devices.
[   61.024965] iscsi: registered transport (iser)
[[0;32m  OK  [0m] Started Load Kernel Modules.
         Starting Apply Kernel Variables...
         Mounting Kernel Configuration File System...
         Mounting FUSE Control File System...
[   61.107494] systemd-journald[388]: Received request to flush runtime journal from PID 1
[[0;32m  OK  [0m] Mounted FUSE Control File System.
[[0;32m  OK  [0m] Mounted Kernel Configuration File System.
[[0;32m  OK  [0m] Started Apply Kernel Variables.
[[0;32m  OK  [0m] Started LVM2 metadata daemon.
[[0;32m  OK  [0m] Started Flush Journal to Persistent Storage.
[[0;32m  OK  [0m] Started Create Static Device Nodes in /dev.
         Starting udev Kernel Device Manager...
[[0;32m  OK  [0m] Started Monitoring of LVM2 mirrors,â€¦sing dmeventd or progress polling.
[[0;32m  OK  [0m] Started udev Kernel Device Manager.
[[0;32m  OK  [0m] Found device /dev/ttyS0.
[[0;32m  OK  [0m] Listening on Load/Save RF Kill Switch Status /dev/rfkill Watch.
[[0;32m  OK  [0m] Started Set the console keyboard layout.
[[0;32m  OK  [0m] Started Dispatch Password Requests to Console Directory Watch.
[[0;32m  OK  [0m] Reached target Local Encrypted Volumes.
[[0;32m  OK  [0m] Reached target Local File Systems (Pre).
[[0;32m  OK  [0m] Reached target Local File Systems.
         Starting Set console font and keymap...
         Starting Tell Plymouth To Write Out Runtime Data...
         Starting Create Volatile Files and Directories...
         Starting ebtables ruleset management...
         Starting Commit a transient machine-id on disk...
         Starting AppArmor initialization...
[[0;32m  OK  [0m] Started Set console font and keymap.
[[0;32m  OK  [0m] Started Tell Plymouth To Write Out Runtime Data.
[[0;32m  OK  [0m] Started Commit a transient machine-id on disk.
[[0;32m  OK  [0m] Started Create Volatile Files and Directories.
         Starting Update UTMP about System Boot/Shutdown...
[[0;32m  OK  [0m] Started Update UTMP about System Boot/Shutdown.
[[0;32m  OK  [0m] Started ebtables ruleset management.
[[0;32m  OK  [0m] Started AppArmor initialization.
         Starting Initial cloud-init job (pre-networking)...
[   98.210007] cloud-init[565]: Cloud-init v. 19.2-24-ge7881d5c-0ubuntu1~18.04.1 running 'init-local' at Tue, 14 Jul 2020 11:21:43 +0000. Up 95.66 seconds.
[[0;32m  OK  [0m] Started Initial cloud-init job (pre-networking).
[[0;32m  OK  [0m] Reached target Network (Pre).
         Starting Network Service...
[[0;32m  OK  [0m] Started Network Service.
         Starting Network Name Resolution...
         Starting Wait for Network to be Configured...
[[0;32m  OK  [0m] Started Network Name Resolution.
[[0;32m  OK  [0m] Reached target Network.
[[0;32m  OK  [0m] Reached target Host and Network Name Lookups.
[[0;32m  OK  [0m] Started Wait for Network to be Configured.
         Starting Initial cloud-init job (metadata service crawler)...
[  101.315503] cloud-init[700]: Cloud-init v. 19.2-24-ge7881d5c-0ubuntu1~18.04.1 running 'init' at Tue, 14 Jul 2020 11:21:48 +0000. Up 100.84 seconds.
[  101.318061] cloud-init[700]: ci-info: ++++++++++++++++++++++++++++++++++++++Net device info+++++++++++++++++++++++++++++++++++++++
[  101.321043] cloud-init[700]: ci-info: +--------+-------+----------------------------+---------------+--------+-------------------+
[  101.324040] cloud-init[700]: ci-info: | Device |   Up  |          Address           |      Mask     | Scope  |     Hw-Address    |
[  101.326564] cloud-init[700]: ci-info: +--------+-------+----------------------------+---------------+--------+-------------------+
[  101.340364] cloud-init[700]: ci-info: | enp0s3 |  True |         10.0.2.15          | 255.255.255.0 | global | 02:ab:ce:93:e0:e3 |
[  101.341910] cloud-init[700]: ci-info: | enp0s3 |  True | fe80::ab:ceff:fe93:e0e3/64 |       .       |  link  | 02:ab:ce:93:e0:e3 |
[  101.343830] cloud-init[700]: ci-info: | enp0s8 | False |             .              |       .       |   .    | 08:00:27:71:e2:19 |
[  101.345622] cloud-init[700]: ci-info: |   lo   |  True |         127.0.0.1          |   255.0.0.0   |  host  |         .         |
[  101.347205] cloud-init[700]: ci-info: |   lo   |  True |          ::1/128           |       .       |  host  |         .         |
[  101.348813] cloud-init[700]: ci-info: +--------+-------+----------------------------+---------------+--------+-------------------+
[  101.351845] cloud-init[700]: ci-info: ++++++++++++++++++++++++++++Route IPv4 info+++++++++++++++++++++++++++++
[  101.354116] cloud-init[700]: ci-info: +-------+-------------+----------+-----------------+-----------+-------+
[  101.356454] cloud-init[700]: ci-info: | Route | Destination | Gateway  |     Genmask     | Interface | Flags |
[  101.358494] cloud-init[700]: ci-info: +-------+-------------+----------+-----------------+-----------+-------+
[  101.361401] cloud-init[700]: ci-info: |   0   |   0.0.0.0   | 10.0.2.2 |     0.0.0.0     |   enp0s3  |   UG  |
[  101.364135] cloud-init[700]: ci-info: |   1   |   10.0.2.0  | 0.0.0.0  |  255.255.255.0  |   enp0s3  |   U   |
[  101.365606] cloud-init[700]: ci-info: |   2   |   10.0.2.2  | 0.0.0.0  | 255.255.255.255 |   enp0s3  |   UH  |
[  101.366776] cloud-init[700]: ci-info: +-------+-------------+----------+-----------------+-----------+-------+
[  101.368192] cloud-init[700]: ci-info: +++++++++++++++++++Route IPv6 info+++++++++++++++++++
[  101.380329] cloud-init[700]: ci-info: +-------+-------------+---------+-----------+-------+
[  101.381515] cloud-init[700]: ci-info: | Route | Destination | Gateway | Interface | Flags |
[  101.397000] cloud-init[700]: ci-info: +-------+-------------+---------+-----------+-------+
[  101.398569] cloud-init[700]: ci-info: |   1   |  fe80::/64  |    ::   |   enp0s3  |   U   |
[  101.399776] cloud-init[700]: ci-info: |   3   |    local    |    ::   |   enp0s3  |   U   |
[  101.412168] cloud-init[700]: ci-info: |   4   |   ff00::/8  |    ::   |   enp0s3  |   U   |
[  101.424247] cloud-init[700]: ci-info: +-------+-------------+---------+-----------+-------+
[  106.834403] cloud-init[700]: Generating public/private rsa key pair.
[  106.835701] cloud-init[700]: Your identification has been saved in /etc/ssh/ssh_host_rsa_key.
[  106.837212] cloud-init[700]: Your public key has been saved in /etc/ssh/ssh_host_rsa_key.pub.
[  106.838754] cloud-init[700]: The key fingerprint is:
[  106.840161] cloud-init[700]: SHA256:4rKivjwgScCraeeQfqcURyi3qCS2Ue+BGgj+sG0lcJc root@ubuntu-bionic
[  106.860621] cloud-init[700]: The key's randomart image is:
[  106.862137] cloud-init[700]: +---[RSA 2048]----+
[  106.863429] cloud-init[700]: |.                |
[  106.864670] cloud-init[700]: |..  . .          |
[  106.866064] cloud-init[700]: |oo.= E           |
[  106.876303] cloud-init[700]: |+oB *            |
[  106.877760] cloud-init[700]: |=@.= =. S        |
[  106.879145] cloud-init[700]: |@+X.*...         |
[  106.880570] cloud-init[700]: |*++=...          |
[  106.881894] cloud-init[700]: |.o+o +           |
[  106.883161] cloud-init[700]: |o=+o+            |
[  106.904280] cloud-init[700]: +----[SHA256]-----+
[  106.905924] cloud-init[700]: Generating public/private dsa key pair.
[  106.907392] cloud-init[700]: Your identification has been saved in /etc/ssh/ssh_host_dsa_key.
[  106.909257] cloud-init[700]: Your public key has been saved in /etc/ssh/ssh_host_dsa_key.pub.
[  106.910440] cloud-init[700]: The key fingerprint is:
[  106.911189] cloud-init[700]: SHA256:+6tNAeeN0o+EFvoL0y3bC44Z0zzc47xOW61UFJWQYsk root@ubuntu-bionic
[  106.912518] cloud-init[700]: The key's randomart image is:
[  106.913497] cloud-init[700]: +---[DSA 1024]----+
[  106.914795] cloud-init[700]: |          . ..+.o|
[  106.915989] cloud-init[700]: |           E . o |
[  106.929119] cloud-init[700]: |        o o . .  |
[  106.930456] cloud-init[700]: |       . B o .   |
[  106.931846] cloud-init[700]: |      . S * . .  |
[  106.933638] cloud-init[700]: |       B * + o   |
[  106.934998] cloud-init[700]: |      = @ B + .  |
[  106.936569] cloud-init[700]: |       O # = .   |
[  106.937759] cloud-init[700]: |      o =o%+.    |
[  106.939154] cloud-init[700]: +----[SHA256]-----+
[  106.941085] cloud-init[700]: Generating public/private ecdsa key pair.
[  106.942940] cloud-init[700]: Your identification has been saved in /etc/ssh/ssh_host_ecdsa_key.
[  106.945295] cloud-init[700]: Your public key has been saved in /etc/ssh/ssh_host_ecdsa_key.pub.
[  106.947270] cloud-init[700]: The key fingerprint is:
[  106.948270] cloud-init[700]: SHA256:awY0UPfzEhjU5HMkLh35qCvuhvl7220Yz4mM8UAqAZ8 root@ubuntu-bionic
[  106.949454] cloud-init[700]: The key's randomart image is:
[  106.950431] cloud-init[700]: +---[ECDSA 256]---+
[  106.951693] cloud-init[700]: [[0;32m  OK  [0m] Started Initial cloud-init job (metadata service crawler).
[[0;32m  OK  [0m] Reached target Network is Online.
|    ....+o+..    |
[  106.955962] cloud-init[700]: |  .  . . Bo+     |
[  106.957741] cloud-init[700]: |   o .o o Oo.    |
[  106.959734] cloud-init[700]: |    E. ....*.    |
[  106.960950] cloud-init[700]: |     ..oS.. .    |
[  106.961884] cloud-init[700]: |    . ..+...     |
[  106.962840] cloud-init[700]: |     +  +B * .   |
[  106.963860] cloud-init[700]: |    o oo+.=.=    |
[  106.964836] cloud-init[700]: |     ==+.....    |
[  106.965790] cloud-init[700]: +----[SHA256]-----+
[  106.967068] cloud-init[700]: Generating public/private ed25519 key pair.
[  106.968378] cloud-init[700]: Your identification has been saved in /etc/ssh/ssh_host_ed25519_key.
[  106.969600] cloud-init[700]: Your public key has been saved in /etc/ssh/ssh_host_ed25519_key.pub.
[  106.971317] cloud-init[700]: The key fingerprint is:
[  106.972240] cloud-init[700]: SHA256:kf/VUCt/fGnnvo1Z5LplgI7ok0Ca4QmgNzQ3EkDZu10 root@ubuntu-bionic
[  106.973680] cloud-init[700]: The key's randomart image is:
[  106.974740] cloud-init[700]: +--[ED25519 256]--+
[  106.975671] cloud-init[700]: |oo+.            .|
[  106.976895] cloud-init[700]: |..+.o    .     ..|
[  106.978051] cloud-init[700]: |.o +..  o    ... |
[  106.978941] cloud-init[700]: |. +.. .E o   .o+.|
[  106.979725] cloud-init[700]: | . +o*. S . . o+B|
[  106.980528] cloud-init[700]: [[0;32m  OK  [0m] Reached target Remote File Systems (Pre).
[[0;32m  OK  [0m] Reached target Remote File Systems.
|   .=..  . + ..=+|         Starting Availability of block devices...
[[0;32m  OK  [0m] Reached target System Initialization.
[[0;32m  OK  [0m] Started Message of the Day.
[[0;32m  OK  [0m] Listening on D-Bus System Message Bus Socket.
[[0;32m  OK  [0m] Listening on Open-iSCSI iscsid Socket.
[[0;32m  OK  [0m] Listening on UUID daemon activation socket.
[[0;32m  OK  [0m] Started Daily Cleanup of Temporary Directories.
[[0;32m  OK  [0m] Started Daily apt download activities.
[[0;32m  OK  [0m] Listening on ACPID Listen Socket.

[  106.994133] cloud-init[700]: |       .... o   *|
[  106.994930] cloud-init[700]: |       .o      O.|
         Starting Socket activation for snappy daemon.
[  106.995965] cloud-init[700]: |        ..    =o+|
[  107.010991] cloud-init[700]: +----[SHA256]-----+
         Starting LXD - unix socket.
[[0;32m  OK  [0m] Started ACPI Events Check.
[[0;32m  OK  [0m] Reached target Paths.
[[0;32m  OK  [0m] Started Discard unused blocks once a week.
[[0;32m  OK  [0m] Started Daily apt upgrade and clean activities.
[[0;32m  OK  [0m] Reached target Timers.
[[0;32m  OK  [0m] Reached target Cloud-config availability.
[[0;32m  OK  [0m] Started Availability of block devices.
[[0;32m  OK  [0m] Listening on Socket activation for snappy daemon.
[[0;32m  OK  [0m] Listening on LXD - unix socket.
[[0;32m  OK  [0m] Reached target Sockets.
[[0;32m  OK  [0m] Reached target Basic System.
         Starting LSB: Record successful boot for GRUB...
[[0;32m  OK  [0m] Started Deferred execution scheduler.
         Starting Dispatcher daemon for systemd-networkd...
[[0;32m  OK  [0m] Started Regular background program processing daemon.
[[0;32m  OK  [0m] Started FUSE filesystem for LXC.
         Starting Login Service...
         Starting LSB: automatic crash report generation...
         Starting Accounts Service...
         Starting LXD - container startup/shutdown...
[[0;32m  OK  [0m] Started irqbalance daemon.
         Starting Pollinate to seed the pseudo random number generator...
         Starting System Logging Service...
         Starting Virtualbox guest utils...
[[0;32m  OK  [0m] Started D-Bus System Message Bus.
[[0;32m  OK  [0m] Started Login Service.
[[0;32m  OK  [0m] Started Unattended Upgrades Shutdown.
         Starting Permit User Sessions...
         Starting Snappy daemon...
[[0;32m  OK  [0m] Started System Logging Service.
[[0;32m  OK  [0m] Started Permit User Sessions.
         Starting Hold until boot process finishes up...
         Starting Terminate Plymouth Boot Screen...
[[0;32m  OK  [0m] Started Hold until boot process finishes up.
[[0;32m  OK  [0m] Started Serial Getty on ttyS0.
         Starting Set console scheme...
[[0;32m  OK  [0m] Started Terminate Plymouth Boot Screen.
[[0;32m  OK  [0m] Started Set console scheme.
[[0;32m  OK  [0m] Created slice system-getty.slice.
[[0;32m  OK  [0m] Started Getty on tty1.
[[0;32m  OK  [0m] Reached target Login Prompts.
         Starting Authorization Manager...
[[0;32m  OK  [0m] Started LSB: automatic crash report generation.
[[0;32m  OK  [0m] Started LSB: Record successful boot for GRUB.
[[0;32m  OK  [0m] Started Authorization Manager.
[[0;32m  OK  [0m] Started Accounts Service.
[[0;32m  OK  [0m] Started Virtualbox guest utils.
[[0;32m  OK  [0m] Started Dispatcher daemon for systemd-networkd.
[[0;32m  OK  [0m] Started LXD - container startup/shutdown.

Ubuntu 18.04.3 LTS ubuntu-bionic ttyS0

ubuntu-bionic login: [  122.439261] cloud-init[1447]: Cloud-init v. 19.2-24-ge7881d5c-0ubuntu1~18.04.1 running 'modules:config' at Tue, 14 Jul 2020 11:22:06 +0000. Up 119.52 seconds.
ci-info: no authorized ssh keys fingerprints found for user ubuntu.
<14>Jul 14 11:22:10 ec2: 
<14>Jul 14 11:22:10 ec2: #############################################################
<14>Jul 14 11:22:10 ec2: -----BEGIN SSH HOST KEY FINGERPRINTS-----
<14>Jul 14 11:22:10 ec2: 1024 SHA256:+6tNAeeN0o+EFvoL0y3bC44Z0zzc47xOW61UFJWQYsk root@ubuntu-bionic (DSA)
<14>Jul 14 11:22:10 ec2: 256 SHA256:awY0UPfzEhjU5HMkLh35qCvuhvl7220Yz4mM8UAqAZ8 root@ubuntu-bionic (ECDSA)
<14>Jul 14 11:22:10 ec2: 256 SHA256:kf/VUCt/fGnnvo1Z5LplgI7ok0Ca4QmgNzQ3EkDZu10 root@ubuntu-bionic (ED25519)
<14>Jul 14 11:22:10 ec2: 2048 SHA256:4rKivjwgScCraeeQfqcURyi3qCS2Ue+BGgj+sG0lcJc root@ubuntu-bionic (RSA)
<14>Jul 14 11:22:10 ec2: -----END SSH HOST KEY FINGERPRINTS-----
<14>Jul 14 11:22:10 ec2: #############################################################
-----BEGIN SSH HOST KEY KEYS-----
ecdsa-sha2-nistp256 AAAAE2VjZHNhLXNoYTItbmlzdHAyNTYAAAAIbmlzdHAyNTYAAABBBC2n7YpKAwlgbySDL1ka6ZVf/KoVgmjtNPoUfuElP5YkDy4lsP0J2SPXEwqThcH4upVIHvwULuTrjlTugkKF3/4= root@ubuntu-bionic
ssh-ed25519 AAAAC3NzaC1lZDI1NTE5AAAAIF7oomsdXCPKjmyt52QCDY+5h7wGMYMU4hdFdU4768Ft root@ubuntu-bionic
ssh-rsa AAAAB3NzaC1yc2EAAAADAQABAAABAQDG3vZYuLwHYQ9qA0eW24sq6a+UdvzPNo9lp+Of9LeCRS6U4Sn8Ha+7HxDn7Jmlsr2Yq6Z++fztuoQ4h2GxS1TxoLQEuyZiCVIwvJZVXjOYEjDMXlleIovYYmB98+NBtL+pzwHdP0C8nSaefY5ugKAdw/VnA7fokbVXCOHlxW/ECD4PQmjBOG22DYNxQMpXxmKqPIUhdaXRKNKThNb1ZKfPeJUU5Qpk+9Igj/sjukp0VVwAgLUGcb0cgAbSIwQ2M5EUPm05Pk8yOhDwk6IN8ENvEEZeneOEGZRXf1a++0oYG7LksYIbhgbcqLk4G9vCQXWiHsZjquodOk2QpBjz8Jdb root@ubuntu-bionic
-----END SSH HOST KEY KEYS-----
[  123.494722] cloud-init[1594]: Cloud-init v. 19.2-24-ge7881d5c-0ubuntu1~18.04.1 running 'modules:final' at Tue, 14 Jul 2020 11:22:10 +0000. Up 123.16 seconds.
[  123.494822] cloud-init[1594]: ci-info: no authorized ssh keys fingerprints found for user ubuntu.
[  123.495104] cloud-init[1594]: Cloud-init v. 19.2-24-ge7881d5c-0ubuntu1~18.04.1 finished at Tue, 14 Jul 2020 11:22:10 +0000. Datasource DataSourceNoCloud [seed=/dev/sdb][dsmode=net].  Up 123.48 seconds
